../Drivers/CMSIS/Include/core_cm7.h:2606:26:ITM_SendChar	16	static,ignoring_inline_asm
../Core/Src/main.c:87:5:_write	32	static
../Core/Src/main.c:98:7:convert_adc_to_physical_value	56	static
../Core/Src/main.c:135:5:main	16	static
../Core/Src/main.c:224:6:SystemClock_Config	88	static
../Core/Src/main.c:278:13:MX_ADC1_Init	24	static
../Core/Src/main.c:330:13:MX_USART3_UART_Init	8	static
../Core/Src/main.c:365:13:MX_GPIO_Init	56	static
../Core/Src/main.c:452:6:StartDefaultTask	16	static
../Core/Src/main.c:470:6:task1_read_aoa	16	static
../Core/Src/main.c:499:6:HAL_TIM_PeriodElapsedCallback	16	static
../Core/Src/main.c:516:6:Error_Handler	4	static,ignoring_inline_asm
