../Drivers/CMSIS/Include/core_cm7.h:2606:26:ITM_SendChar	16	static,ignoring_inline_asm
../Core/Src/main.c:87:5:_write	32	static
../Core/Src/main.c:98:7:convert_adc_to_physical_value	56	static
../Core/Src/main.c:135:5:main	8	static
../Core/Src/main.c:226:6:SystemClock_Config	88	static
../Core/Src/main.c:280:13:MX_ADC1_Init	24	static
../Core/Src/main.c:332:13:MX_USART3_UART_Init	8	static
../Core/Src/main.c:367:13:MX_GPIO_Init	56	static
../Core/Src/main.c:444:6:printITM	16	static
../Core/Src/main.c:459:6:StartDefaultTask	16	static
../Core/Src/main.c:477:6:task1_read_aoa	96	static
../Core/Src/main.c:520:6:HAL_TIM_PeriodElapsedCallback	16	static
../Core/Src/main.c:537:6:Error_Handler	4	static,ignoring_inline_asm
